// Jest Snapshot v1, https://goo.gl/fbAQLP

exports[`Display component it matches snapshot 1`] = `
<div>
  <h1>
    Hi, 
    Matheus
    !
  </h1>
</div>
`;
